// Jest Snapshot v1, https://goo.gl/fbAQLP

exports[`#SearchField atom renders component 1`] = `
.c0 {
  border: 1px solid #999999;
  border-radius: 5px;
  box-shadow: 0;
  font-size: 1rem;
  padding: 5px 10px;
}

<div>
  <input
    class="c0"
    data-testid="search-field"
    id="id"
    placeholder="01234-567"
    required=""
  />
</div>
`;
